// Vitest Snapshot v1

exports[`Footer > É renderizado corretamente" 1`] = `
<h4
  class="footerParagraph"
>
  ©
  2023
   AirBnBeach, inc 
</h4>
`;
